achernya = Alexander Chernyakhovsky <achernya@mit.edu>
acrefoot = Michael McCanna <acrefoot@mit.edu>
adehnert = Alex Dehnert <adehnert@mit.edu>
andersk = Anders Kaseorg <andersk@mit.edu>
aseering = Adam Seering <aseering@mit.edu>
broder = Evan Broder <broder@mit.edu>
btidor = Benjamin Tidor <btidor@mit.edu>
cberzan = Constantin Berzan <cberzan@mit.edu>
cereslee = Ceres Lee <cereslee@mit.edu>
dwilson = David Wilson <dwilson@mit.edu>
ezyang = Edward Z. Yang <ezyang@mit.edu>
gdb = Greg Brockman <gdb@mit.edu>
geofft = Geoffrey Thomas <geofft@mit.edu>
glasgall = Adam Glasgall <glasgall@mit.edu>
jakobw = Jakob Weisblat <jakobw@mit.edu>
jbarnold = Jeff Arnold <jbarnold@mit.edu>
leee = Emma Lee <leee@mit.edu>
lfaraone = Luke Faraone <lfaraone@mit.edu>
mitchb = Mitchell Berger <mitchb@mit.edu>
nelhage = Nelson Elhage <nelhage@mit.edu>
njess = Noah Jessop <njess@mit.edu>
presbrey = Joe Presbrey <presbrey@mit.edu>
price = Greg Price <price@mit.edu>
quentin = Quentin Smith <quentin@mit.edu>
tabbott = Tim Abbott <tabbott@mit.edu>
tboning = Tom Boning <tboning@mit.edu>
xavid = Xavid Pretzer <xavid@mit.edu>
vasilvv = Victor Vasiliev <vasilvv@mit.edu>
